aggregation check: ENSO4 weeks 2992  max|reproduced - published| 0.01  n mismatched 1 
Key: <iso_year, iso_week>
   iso_year iso_week value   pub
      <int>    <int> <num> <num>
1:     2027       17   1.4  1.39
daily rows re-interpolated: 62  ( 2026-08-01 .. 2026-10-01 )
ENSO4 weeks changed: 10 
Key: <iso_year, iso_week>
    iso_year iso_week value_A value_C
       <int>    <int>   <num>   <num>
 1:     2026       31    1.29    1.30
 2:     2026       32    1.16    1.38
 3:     2026       33    0.98    1.52
 4:     2026       34    0.80    1.65
 5:     2026       35    0.62    1.78
 6:     2026       36    0.61    1.89
 7:     2026       37    0.98    1.95
 8:     2026       38    1.37    2.01
 9:     2026       39    1.75    2.07
10:     2026       40    2.09    2.12
ENSO4 monthly means A (published):
     month  mean
    <char> <num>
1: 2026-07  1.36
2: 2026-08  0.90
3: 2026-09  1.28
4: 2026-10  2.19
ENSO4 monthly means C (NOAA-consistent):
     month  mean
    <char> <num>
1: 2026-07  1.36
2: 2026-08  1.57
3: 2026-09  2.00
4: 2026-10  2.19
lines differing from canonical enso_weekly.csv: 10 of 11969 
      A                                                                    
 [1,] "\"ENSO4\",2026,31,\"historical\",\"2026-07-27\",\"2026-08-02\",1.29"
 [2,] "\"ENSO4\",2026,32,\"historical\",\"2026-08-03\",\"2026-08-09\",1.16"
 [3,] "\"ENSO4\",2026,33,\"historical\",\"2026-08-10\",\"2026-08-16\",0.98"
 [4,] "\"ENSO4\",2026,34,\"historical\",\"2026-08-17\",\"2026-08-23\",0.8" 
 [5,] "\"ENSO4\",2026,35,\"historical\",\"2026-08-24\",\"2026-08-30\",0.62"
 [6,] "\"ENSO4\",2026,36,\"observed\",\"2026-08-31\",\"2026-09-06\",0.61"  
 [7,] "\"ENSO4\",2026,37,\"observed\",\"2026-09-07\",\"2026-09-13\",0.98"  
 [8,] "\"ENSO4\",2026,38,\"observed\",\"2026-09-14\",\"2026-09-20\",1.37"  
 [9,] "\"ENSO4\",2026,39,\"observed\",\"2026-09-21\",\"2026-09-27\",1.75"  
[10,] "\"ENSO4\",2026,40,\"forecast\",\"2026-09-28\",\"2026-10-04\",2.09"  
      C                                                                    
 [1,] "\"ENSO4\",2026,31,\"historical\",\"2026-07-27\",\"2026-08-02\",1.3" 
 [2,] "\"ENSO4\",2026,32,\"historical\",\"2026-08-03\",\"2026-08-09\",1.38"
 [3,] "\"ENSO4\",2026,33,\"historical\",\"2026-08-10\",\"2026-08-16\",1.52"
 [4,] "\"ENSO4\",2026,34,\"historical\",\"2026-08-17\",\"2026-08-23\",1.65"
 [5,] "\"ENSO4\",2026,35,\"historical\",\"2026-08-24\",\"2026-08-30\",1.78"
 [6,] "\"ENSO4\",2026,36,\"observed\",\"2026-08-31\",\"2026-09-06\",1.89"  
 [7,] "\"ENSO4\",2026,37,\"observed\",\"2026-09-07\",\"2026-09-13\",1.95"  
 [8,] "\"ENSO4\",2026,38,\"observed\",\"2026-09-14\",\"2026-09-20\",2.01"  
 [9,] "\"ENSO4\",2026,39,\"observed\",\"2026-09-21\",\"2026-09-27\",2.07"  
[10,] "\"ENSO4\",2026,40,\"forecast\",\"2026-09-28\",\"2026-10-04\",2.12"  
canonical md5 51dbed25fc9e4e9a79d0ac4b30c55cea  C md5 7805ecfe8513c0d328e5726d49d14d58 
